in_source: |-
  end_str:
    .word 0

  in_addr:
    .word 1

  out_addr:
    .word 2

  _start:
    mov r0, (in_addr)
    mov r1, r0
    mov r2, end_str
    sub r1, r2
    jnz write
    hlt

  write:
    mov (out_addr), r0
    jmp _start
in_stdin: |-
  ['H', 'e', 'l', 'l', 'o', '!', 0]
out_code: |-
  [{"index": 0, "opcode": "jmp", "arg_1": "7", "is_indirect_1": false, "arg_2": null, "is_indirect_2": null},
   {"index": 4, "opcode": "nop", "arg_1": "0", "is_indirect_1": false, "arg_2": null, "is_indirect_2": null},
   {"index": 5, "opcode": "nop", "arg_1": "1", "is_indirect_1": false, "arg_2": null, "is_indirect_2": null},
   {"index": 6, "opcode": "nop", "arg_1": "2", "is_indirect_1": false, "arg_2": null, "is_indirect_2": null},
   {"index": 7, "opcode": "mov", "arg_1": "r0", "is_indirect_1": false, "arg_2": "5", "is_indirect_2": true},
   {"index": 8, "opcode": "mov", "arg_1": "r1", "is_indirect_1": false, "arg_2": "r0", "is_indirect_2": false},
   {"index": 9, "opcode": "mov", "arg_1": "r2", "is_indirect_1": false, "arg_2": "4", "is_indirect_2": false},
   {"index": 10, "opcode": "sub", "arg_1": "r1", "is_indirect_1": false, "arg_2": "r2", "is_indirect_2": false},
   {"index": 11, "opcode": "jnz", "arg_1": "13", "is_indirect_1": false, "arg_2": null, "is_indirect_2": null},
   {"index": 12, "opcode": "hlt", "arg_1": null, "is_indirect_1": null, "arg_2": null, "is_indirect_2": null},
   {"index": 13, "opcode": "mov", "arg_1": "6", "is_indirect_1": true, "arg_2": "r0", "is_indirect_2": false},
   {"index": 14, "opcode": "jmp", "arg_1": "7", "is_indirect_1": false, "arg_2": null, "is_indirect_2": null}]
out_stdout: |
  source LoC: 20 code instr: 12
  ============================================================
  Hello!
  []
  instr_counter:  48
out_log: |
  DEBUG    machine.py     INSTR: jmp 7        | R0:        0 | R1:        0 | R2:        0 | R3:        0 | N: 0 | Z: 0 | PC:    7
  DEBUG    machine.py    input: 'H'
  DEBUG    machine.py     INSTR: mov r0, (5)  | R0:       72 | R1:        0 | R2:        0 | R3:        0 | N: 0 | Z: 0 | PC:    8
  DEBUG    machine.py     INSTR: mov r1, r0   | R0:       72 | R1:       72 | R2:        0 | R3:        0 | N: 0 | Z: 0 | PC:    9
  DEBUG    machine.py     INSTR: mov r2, 4    | R0:       72 | R1:       72 | R2:        0 | R3:        0 | N: 0 | Z: 0 | PC:   10
  DEBUG    machine.py     INSTR: sub r1, r2   | R0:       72 | R1:       72 | R2:        0 | R3:        0 | N: 0 | Z: 0 | PC:   11
  DEBUG    machine.py     INSTR: jnz 13       | R0:       72 | R1:       72 | R2:        0 | R3:        0 | N: 0 | Z: 0 | PC:   13
  DEBUG    machine.py    output_str_buffer: '' << 'H'
  DEBUG    machine.py     INSTR: mov (6), r0  | R0:       72 | R1:       72 | R2:        0 | R3:        0 | N: 0 | Z: 0 | PC:   14
  DEBUG    machine.py     INSTR: jmp 7        | R0:       72 | R1:       72 | R2:        0 | R3:        0 | N: 0 | Z: 0 | PC:    7
  DEBUG    machine.py    input: 'e'
  DEBUG    machine.py     INSTR: mov r0, (5)  | R0:      101 | R1:       72 | R2:        0 | R3:        0 | N: 0 | Z: 0 | PC:    8
  DEBUG    machine.py     INSTR: mov r1, r0   | R0:      101 | R1:      101 | R2:        0 | R3:        0 | N: 0 | Z: 0 | PC:    9
  DEBUG    machine.py     INSTR: mov r2, 4    | R0:      101 | R1:      101 | R2:        0 | R3:        0 | N: 0 | Z: 0 | PC:   10
  DEBUG    machine.py     INSTR: sub r1, r2   | R0:      101 | R1:      101 | R2:        0 | R3:        0 | N: 0 | Z: 0 | PC:   11
  DEBUG    machine.py     INSTR: jnz 13       | R0:      101 | R1:      101 | R2:        0 | R3:        0 | N: 0 | Z: 0 | PC:   13
  DEBUG    machine.py    output_str_buffer: 'H' << 'e'
  DEBUG    machine.py     INSTR: mov (6), r0  | R0:      101 | R1:      101 | R2:        0 | R3:        0 | N: 0 | Z: 0 | PC:   14
  DEBUG    machine.py     INSTR: jmp 7        | R0:      101 | R1:      101 | R2:        0 | R3:        0 | N: 0 | Z: 0 | PC:    7
  DEBUG    machine.py    input: 'l'
  DEBUG    machine.py     INSTR: mov r0, (5)  | R0:      108 | R1:      101 | R2:        0 | R3:        0 | N: 0 | Z: 0 | PC:    8
  DEBUG    machine.py     INSTR: mov r1, r0   | R0:      108 | R1:      108 | R2:        0 | R3:        0 | N: 0 | Z: 0 | PC:    9
  DEBUG    machine.py     INSTR: mov r2, 4    | R0:      108 | R1:      108 | R2:        0 | R3:        0 | N: 0 | Z: 0 | PC:   10
  DEBUG    machine.py     INSTR: sub r1, r2   | R0:      108 | R1:      108 | R2:        0 | R3:        0 | N: 0 | Z: 0 | PC:   11
  DEBUG    machine.py     INSTR: jnz 13       | R0:      108 | R1:      108 | R2:        0 | R3:        0 | N: 0 | Z: 0 | PC:   13
  DEBUG    machine.py    output_str_buffer: 'He' << 'l'
  DEBUG    machine.py     INSTR: mov (6), r0  | R0:      108 | R1:      108 | R2:        0 | R3:        0 | N: 0 | Z: 0 | PC:   14
  DEBUG    machine.py     INSTR: jmp 7        | R0:      108 | R1:      108 | R2:        0 | R3:        0 | N: 0 | Z: 0 | PC:    7
  DEBUG    machine.py    input: 'l'
  DEBUG    machine.py     INSTR: mov r0, (5)  | R0:      108 | R1:      108 | R2:        0 | R3:        0 | N: 0 | Z: 0 | PC:    8
  DEBUG    machine.py     INSTR: mov r1, r0   | R0:      108 | R1:      108 | R2:        0 | R3:        0 | N: 0 | Z: 0 | PC:    9
  DEBUG    machine.py     INSTR: mov r2, 4    | R0:      108 | R1:      108 | R2:        0 | R3:        0 | N: 0 | Z: 0 | PC:   10
  DEBUG    machine.py     INSTR: sub r1, r2   | R0:      108 | R1:      108 | R2:        0 | R3:        0 | N: 0 | Z: 0 | PC:   11
  DEBUG    machine.py     INSTR: jnz 13       | R0:      108 | R1:      108 | R2:        0 | R3:        0 | N: 0 | Z: 0 | PC:   13
  DEBUG    machine.py    output_str_buffer: 'Hel' << 'l'
  DEBUG    machine.py     INSTR: mov (6), r0  | R0:      108 | R1:      108 | R2:        0 | R3:        0 | N: 0 | Z: 0 | PC:   14
  DEBUG    machine.py     INSTR: jmp 7        | R0:      108 | R1:      108 | R2:        0 | R3:        0 | N: 0 | Z: 0 | PC:    7
  DEBUG    machine.py    input: 'o'
  DEBUG    machine.py     INSTR: mov r0, (5)  | R0:      111 | R1:      108 | R2:        0 | R3:        0 | N: 0 | Z: 0 | PC:    8
  DEBUG    machine.py     INSTR: mov r1, r0   | R0:      111 | R1:      111 | R2:        0 | R3:        0 | N: 0 | Z: 0 | PC:    9
  DEBUG    machine.py     INSTR: mov r2, 4    | R0:      111 | R1:      111 | R2:        0 | R3:        0 | N: 0 | Z: 0 | PC:   10
  DEBUG    machine.py     INSTR: sub r1, r2   | R0:      111 | R1:      111 | R2:        0 | R3:        0 | N: 0 | Z: 0 | PC:   11
  DEBUG    machine.py     INSTR: jnz 13       | R0:      111 | R1:      111 | R2:        0 | R3:        0 | N: 0 | Z: 0 | PC:   13
  DEBUG    machine.py    output_str_buffer: 'Hell' << 'o'
  DEBUG    machine.py     INSTR: mov (6), r0  | R0:      111 | R1:      111 | R2:        0 | R3:        0 | N: 0 | Z: 0 | PC:   14
  DEBUG    machine.py     INSTR: jmp 7        | R0:      111 | R1:      111 | R2:        0 | R3:        0 | N: 0 | Z: 0 | PC:    7
  DEBUG    machine.py    input: '!'
  DEBUG    machine.py     INSTR: mov r0, (5)  | R0:       33 | R1:      111 | R2:        0 | R3:        0 | N: 0 | Z: 0 | PC:    8
  DEBUG    machine.py     INSTR: mov r1, r0   | R0:       33 | R1:       33 | R2:        0 | R3:        0 | N: 0 | Z: 0 | PC:    9
  DEBUG    machine.py     INSTR: mov r2, 4    | R0:       33 | R1:       33 | R2:        0 | R3:        0 | N: 0 | Z: 0 | PC:   10
  DEBUG    machine.py     INSTR: sub r1, r2   | R0:       33 | R1:       33 | R2:        0 | R3:        0 | N: 0 | Z: 0 | PC:   11
  DEBUG    machine.py     INSTR: jnz 13       | R0:       33 | R1:       33 | R2:        0 | R3:        0 | N: 0 | Z: 0 | PC:   13
  DEBUG    machine.py    output_str_buffer: 'Hello' << '!'
  DEBUG    machine.py     INSTR: mov (6), r0  | R0:       33 | R1:       33 | R2:        0 | R3:        0 | N: 0 | Z: 0 | PC:   14
  DEBUG    machine.py     INSTR: jmp 7        | R0:       33 | R1:       33 | R2:        0 | R3:        0 | N: 0 | Z: 0 | PC:    7
  DEBUG    machine.py    input: 0
  DEBUG    machine.py     INSTR: mov r0, (5)  | R0:        0 | R1:       33 | R2:        0 | R3:        0 | N: 0 | Z: 0 | PC:    8
  DEBUG    machine.py     INSTR: mov r1, r0   | R0:        0 | R1:        0 | R2:        0 | R3:        0 | N: 0 | Z: 0 | PC:    9
  DEBUG    machine.py     INSTR: mov r2, 4    | R0:        0 | R1:        0 | R2:        0 | R3:        0 | N: 0 | Z: 0 | PC:   10
  DEBUG    machine.py     INSTR: sub r1, r2   | R0:        0 | R1:        0 | R2:        0 | R3:        0 | N: 0 | Z: 1 | PC:   11
  DEBUG    machine.py     INSTR: jnz 13       | R0:        0 | R1:        0 | R2:        0 | R3:        0 | N: 0 | Z: 0 | PC:   12
  INFO    machine.py    output_str_buffer: 'Hello!'
  INFO    machine.py    output_int_buffer: []
